<Objs Version="1.1.0.1" xmlns="http://schemas.microsoft.com/powershell/2004/04">
  <Obj RefId="0">
    <TN RefId="0">
      <T>System.Management.Automation.PSCustomObject</T>
      <T>System.Object</T>
    </TN>
    <MS>
      <S N="Category">Connectivity</S>
      <S N="Test">Main Page</S>
      <S N="Status">PASS</S>
      <S N="Expected">200</S>
      <S N="Actual">200</S>
      <S N="Comment">Page loads successfully</S>
    </MS>
  </Obj>
  <Obj RefId="1">
    <TNRef RefId="0" />
    <MS>
      <S N="Category">SSL</S>
      <S N="Test">Certificate</S>
      <S N="Status">PASS</S>
      <S N="Expected">&gt;30 days</S>
      <S N="Actual">89 days</S>
      <S N="Comment">SSL valid</S>
    </MS>
  </Obj>
  <Obj RefId="2">
    <TNRef RefId="0" />
    <MS>
      <S N="Category">Performance</S>
      <S N="Test">Response Time</S>
      <S N="Status">PASS</S>
      <S N="Expected">&lt;500ms</S>
      <S N="Actual">149ms</S>
      <S N="Comment">Fast response</S>
    </MS>
  </Obj>
  <Obj RefId="3">
    <TNRef RefId="0" />
    <MS>
      <S N="Category">Security</S>
      <S N="Test">Strict-Transport-Security</S>
      <S N="Status">PASS</S>
      <S N="Expected">Present</S>
      <S N="Actual">Present</S>
      <S N="Comment">Header set</S>
    </MS>
  </Obj>
  <Obj RefId="4">
    <TNRef RefId="0" />
    <MS>
      <S N="Category">Security</S>
      <S N="Test">X-Content-Type-Options</S>
      <S N="Status">PASS</S>
      <S N="Expected">Present</S>
      <S N="Actual">Present</S>
      <S N="Comment">Header set</S>
    </MS>
  </Obj>
  <Obj RefId="5">
    <TNRef RefId="0" />
    <MS>
      <S N="Category">Security</S>
      <S N="Test">X-Frame-Options</S>
      <S N="Status">PASS</S>
      <S N="Expected">Present</S>
      <S N="Actual">Present</S>
      <S N="Comment">Header set</S>
    </MS>
  </Obj>
  <Obj RefId="6">
    <TNRef RefId="0" />
    <MS>
      <S N="Category">Security</S>
      <S N="Test">Content-Security-Policy</S>
      <S N="Status">PASS</S>
      <S N="Expected">Present</S>
      <S N="Actual">Present</S>
      <S N="Comment">Header set</S>
    </MS>
  </Obj>
  <Obj RefId="7">
    <TNRef RefId="0" />
    <MS>
      <S N="Category">Assets</S>
      <S N="Test">JS File</S>
      <S N="Status">FAIL</S>
      <S N="Expected">JS</S>
      <S N="Actual">text/html; charset=utf-8</S>
      <S N="Comment">Returns HTML instead of JS</S>
    </MS>
  </Obj>
  <Obj RefId="8">
    <TNRef RefId="0" />
    <MS>
      <S N="Category">API</S>
      <S N="Test">Health Endpoint</S>
      <S N="Status">FAIL</S>
      <S N="Expected">200</S>
      <S N="Actual">500</S>
      <S N="Comment">Server error</S>
    </MS>
  </Obj>
  <Obj RefId="9">
    <TNRef RefId="0" />
    <MS>
      <S N="Category">API</S>
      <S N="Test">Status Endpoint</S>
      <S N="Status">FAIL</S>
      <S N="Expected">200</S>
      <S N="Actual">500</S>
      <S N="Comment">API failed</S>
    </MS>
  </Obj>
  <Obj RefId="10">
    <TNRef RefId="0" />
    <MS>
      <S N="Category">Auth</S>
      <S N="Test">Direct Supabase</S>
      <S N="Status">PASS</S>
      <S N="Expected">200</S>
      <S N="Actual">200</S>
      <S N="Comment">Direct auth works</S>
    </MS>
  </Obj>
  <Obj RefId="11">
    <TNRef RefId="0" />
    <MS>
      <S N="Category">Files</S>
      <S N="Test">robots.txt</S>
      <S N="Status">PASS</S>
      <S N="Expected">Correct</S>
      <S N="Actual">Correct</S>
      <S N="Comment">Sitemap URL fixed</S>
    </MS>
  </Obj>
  <Obj RefId="12">
    <TNRef RefId="0" />
    <MS>
      <S N="Category">Files</S>
      <S N="Test">security.txt</S>
      <S N="Status">PASS</S>
      <S N="Expected">Plain</S>
      <S N="Actual">Plain</S>
      <S N="Comment">Correct format</S>
    </MS>
  </Obj>
  <Obj RefId="13">
    <TNRef RefId="0" />
    <MS>
      <S N="Category">Config</S>
      <S N="Test">includeFiles</S>
      <S N="Status">FAIL</S>
      <S N="Expected">Present</S>
      <S N="Actual">Missing</S>
      <S N="Comment">CRITICAL: Missing includeFiles</S>
    </MS>
  </Obj>
  <Obj RefId="14">
    <TNRef RefId="0" />
    <MS>
      <S N="Category">API</S>
      <S N="Test">Auth Roles</S>
      <S N="Status">FAIL</S>
      <S N="Expected">200</S>
      <S N="Actual">500</S>
      <S N="Comment">Server error</S>
    </MS>
  </Obj>
  <Obj RefId="15">
    <TNRef RefId="0" />
    <MS>
      <S N="Category">Config</S>
      <S N="Test">Function Count</S>
      <S N="Status">PASS</S>
      <S N="Expected">&lt;=12</S>
      <S N="Actual">11</S>
      <S N="Comment">Within limits</S>
    </MS>
  </Obj>
  <Obj RefId="16">
    <TNRef RefId="0" />
    <MS>
      <S N="Category">API</S>
      <S N="Test">Auth Login</S>
      <S N="Status">FAIL</S>
      <S N="Expected">200</S>
      <S N="Actual">500</S>
      <S N="Comment">Server error</S>
    </MS>
  </Obj>
  <Obj RefId="17">
    <TNRef RefId="0" />
    <MS>
      <S N="Category">API</S>
      <S N="Test">Sessions Track</S>
      <S N="Status">FAIL</S>
      <S N="Expected">200</S>
      <S N="Actual">500</S>
      <S N="Comment">Server error</S>
    </MS>
  </Obj>
</Objs>